[rainbowit.net/html/inbio/index.html]
[backblue.gif]
[fade.gif]
[index.html]
[rainbowit.net/html/inbio/assets/images/favicon.ico]
[rainbowit.net/html/inbio/assets/css/vendor/bootstrap.min.css]
[rainbowit.net/html/inbio/assets/css/vendor/slick.css]
[rainbowit.net/html/inbio/assets/css/vendor/slick-theme.css]
[rainbowit.net/html/inbio/assets/css/vendor/aos.css]
[rainbowit.net/html/inbio/assets/css/plugins/feature.css]
[rainbowit.net/html/inbio/assets/images/logo/logo.png]
[rainbowit.net/html/inbio/assets/css/style.css]
[rainbowit.net/html/inbio/assets/images/logo/logos-circle.png]
[rainbowit.net/html/inbio/assets/images/icons/icons-01.png]
[rainbowit.net/html/inbio/assets/images/icons/icons-02.png]
[rainbowit.net/html/inbio/assets/images/icons/icons-03.png]
[rainbowit.net/html/inbio/assets/images/slider/banner-01.png]
[rainbowit.net/html/inbio/assets/images/portfolio/portfolio-01.jpg]
[rainbowit.net/html/inbio/assets/images/portfolio/portfolio-02.jpg]
[rainbowit.net/html/inbio/assets/images/portfolio/portfolio-03.jpg]
[rainbowit.net/html/inbio/assets/images/portfolio/portfolio-04.jpg]
[rainbowit.net/html/inbio/assets/images/portfolio/portfolio-05.jpg]
[rainbowit.net/html/inbio/assets/images/portfolio/portfolio-06.jpg]
[rainbowit.net/html/inbio/assets/images/testimonial/final-home--1st.png]
[rainbowit.net/html/inbio/assets/images/icons/rating.png]
[rainbowit.net/html/inbio/assets/images/testimonial/final-home--2nd.png]
[rainbowit.net/html/inbio/assets/images/testimonial/final-home--3rd.png]
[rainbowit.net/html/inbio/assets/images/testimonial/final-home--4th.png]
[rainbowit.net/html/inbio/assets/images/testimonial/final-home--5th.png]
[rainbowit.net/html/inbio/assets/images/client/png/client1.png]
[rainbowit.net/html/inbio/assets/images/client/png/client2.png]
[rainbowit.net/html/inbio/assets/images/client/png/client3.png]
[rainbowit.net/html/inbio/assets/images/client/png/client4.png]
[rainbowit.net/html/inbio/assets/images/client/png/client5.png]
[rainbowit.net/html/inbio/assets/images/blog/blog-01.jpg]
[rainbowit.net/html/inbio/assets/images/blog/blog-02.jpg]
[rainbowit.net/html/inbio/assets/images/blog/blog-03.jpg]
[rainbowit.net/html/inbio/assets/images/contact/contact1.png]
[rainbowit.net/html/inbio/assets/images/blog/blog-big-01.jpg]
[rainbowit.net/html/inbio/assets/images/demo/main-demo.png]
[rainbowit.net/html/inbio/index-technician.html]
[rainbowit.net/html/inbio/assets/images/demo/index-technician.png]
[rainbowit.net/html/inbio/index-model.html]
[rainbowit.net/html/inbio/assets/images/demo/home-model-v2.png]
[rainbowit.net/html/inbio/home-consulting.html]
[rainbowit.net/html/inbio/assets/images/demo/home-consulting.png]
[rainbowit.net/html/inbio/fashion-designer.html]
[rainbowit.net/html/inbio/assets/images/demo/fashion-designer.png]
[rainbowit.net/html/inbio/index-developer.html]
[rainbowit.net/html/inbio/assets/images/demo/developer.png]
[rainbowit.net/html/inbio/instructor-fitness.html]
[rainbowit.net/html/inbio/assets/images/demo/instructor-fitness.png]
[rainbowit.net/html/inbio/home-web-Developer.html]
[rainbowit.net/html/inbio/assets/images/demo/home-model.png]
[rainbowit.net/html/inbio/home-designer.html]
[rainbowit.net/html/inbio/assets/images/demo/home-video.png]
[rainbowit.net/html/inbio/home-content-writer.html]
[rainbowit.net/html/inbio/assets/images/demo/text-rotet.png]
[rainbowit.net/html/inbio/home-instructor.html]
[rainbowit.net/html/inbio/assets/images/demo/index-boxed.png]
[rainbowit.net/html/inbio/home-freelancer.html]
[rainbowit.net/html/inbio/assets/images/demo/home-sticky.png]
[rainbowit.net/html/inbio/home-photographer.html]
[rainbowit.net/html/inbio/assets/images/demo/index-bg-image.png]
[rainbowit.net/html/inbio/index-politician.html]
[rainbowit.net/html/inbio/assets/images/demo/front-end.png]
[rainbowit.net/html/inbio/assets/images/demo/coming-soon.png]
[rainbowit.net/html/inbio/index-white-version.html]
[rainbowit.net/html/inbio/assets/images/demo/main-demo-white-version.png]
[rainbowit.net/html/inbio/index-technician-white-version.html]
[rainbowit.net/html/inbio/assets/images/demo/index-technician-white-version.png]
[rainbowit.net/html/inbio/index-model-white-version.html]
[rainbowit.net/html/inbio/assets/images/demo/home-model-v2-white.png]
[rainbowit.net/html/inbio/assets/images/demo/home-consulting-white-version.png]
[rainbowit.net/html/inbio/home-consulting-white-version.html]
[rainbowit.net/html/inbio/fashion-designer-white-version.html]
[rainbowit.net/html/inbio/assets/images/demo/fashion-designer-white-version.png]
[rainbowit.net/html/inbio/index-developer-white-version.html]
[rainbowit.net/html/inbio/assets/images/demo/developer-white-version.png]
[rainbowit.net/html/inbio/instructor-fitness-white-version.html]
[rainbowit.net/html/inbio/assets/images/demo/instructor-fitness-white-version.png]
[rainbowit.net/html/inbio/home-web-developer-white-version.html]
[rainbowit.net/html/inbio/assets/images/demo/home-model-white-version.png]
[rainbowit.net/html/inbio/assets/images/demo/home-video-white-version.png]
[rainbowit.net/html/inbio/home-designer-white-version.html]
[rainbowit.net/html/inbio/home-content-writer-white-version.html]
[rainbowit.net/html/inbio/assets/images/demo/text-rotet-white-version.png]
[rainbowit.net/html/inbio/home-instructor-white-version.html]
[rainbowit.net/html/inbio/assets/images/demo/index-boxed-white-version.png]
[rainbowit.net/html/inbio/home-freelancer-white-version.html]
[rainbowit.net/html/inbio/assets/images/demo/home-sticky-white-version.png]
[rainbowit.net/html/inbio/home-photographer-white-version.html]
[rainbowit.net/html/inbio/assets/images/demo/index-bg-image-white-version.png]
[rainbowit.net/html/inbio/index-politician-white-version.html]
[rainbowit.net/html/inbio/assets/images/demo/front-end-white-version.png]
[rainbowit.net/html/inbio/assets/images/logo/logo-vertical.png]
[rainbowit.net/html/inbio/assets/js/vendor/jquery.js]
[rainbowit.net/html/inbio/assets/js/vendor/modernizer.min.js]
[rainbowit.net/html/inbio/assets/js/vendor/feather.min.js]
[rainbowit.net/html/inbio/assets/js/vendor/slick.min.js]
[rainbowit.net/html/inbio/assets/js/vendor/bootstrap.js]
[rainbowit.net/html/inbio/assets/js/vendor/text-type.js]
[rainbowit.net/html/inbio/assets/js/vendor/wow.js]
[rainbowit.net/html/inbio/assets/js/vendor/aos.js]
[rainbowit.net/html/inbio/assets/js/vendor/particles.js]
[rainbowit.net/html/inbio/assets/js/main.js]
[rainbowit.net/html/inbio/index.html]
[rainbowit.net/html/inbio/assets/css/vendor/bootstrap.min.css]
[rainbowit.net/html/inbio/assets/css/vendor/slick.css]
[rainbowit.net/html/inbio/assets/images/ajax-loader.gif]
[rainbowit.net/html/inbio/assets/fonts/slick.eot]
[rainbowit.net/html/inbio/assets/fonts/slickd41d.eot]
[rainbowit.net/html/inbio/assets/fonts/slick.woff]
[rainbowit.net/html/inbio/assets/fonts/slick.ttf]
[rainbowit.net/html/inbio/assets/fonts/slick.svg]
[rainbowit.net/html/inbio/assets/css/vendor/slick-theme.css]
[rainbowit.net/html/inbio/assets/css/vendor/aos.css]
[rainbowit.net/html/inbio/assets/fonts/Feather144f.ttf]
[rainbowit.net/html/inbio/assets/fonts/Feather144f.woff]
[rainbowit.net/html/inbio/assets/css/plugins/feature.css]
[rainbowit.net/html/inbio/assets/fonts/Feather144f.svg]
[rainbowit.net/html/inbio/assets/images/icons/arrow-icon.70.delayed]
[rainbowit.net/html/inbio/assets/images/bg/bg-image-1.jpg]
[rainbowit.net/html/inbio/assets/images/bg/bg-image-2.jpg]
[rainbowit.net/html/inbio/assets/images/bg/bg-image-3.jpg]
[rainbowit.net/html/inbio/assets/images/bg/bg-image-4.jpg]
[rainbowit.net/html/inbio/assets/images/bg/bg-image-5.jpg]
[rainbowit.net/html/inbio/assets/images/bg/bg-image-6.jpg]
[rainbowit.net/html/inbio/assets/images/bg/bg-image-7.jpg]
[rainbowit.net/html/inbio/assets/images/bg/bg-image-8.jpg]
[rainbowit.net/html/inbio/assets/images/bg/bg-image-9.jpg]
[rainbowit.net/html/inbio/assets/images/bg/bg-image-10.jpg]
[rainbowit.net/html/inbio/assets/images/bg/bg-image-11.jpg]
[rainbowit.net/html/inbio/assets/images/bg/bg-image-12.jpg]
[rainbowit.net/html/inbio/assets/images/bg/bg-image-13.jpg]
[rainbowit.net/html/inbio/assets/images/bg/bg-image-14.jpg]
[rainbowit.net/html/inbio/assets/images/bg/bg-image-15.jpg]
[rainbowit.net/html/inbio/assets/images/bg/bg-image-16.jpg]
[rainbowit.net/html/inbio/assets/images/bg/bg-image-17.jpg]
[rainbowit.net/html/inbio/assets/images/bg/bg-image-18.jpg]
[rainbowit.net/html/inbio/assets/images/bg/bg-image-19.jpg]
[rainbowit.net/html/inbio/assets/images/bg/bg-image-20.jpg]
[rainbowit.net/html/inbio/assets/images/bg/bg-image-21.jpg]
[rainbowit.net/html/inbio/assets/images/bg/bg-image-22.jpg]
[rainbowit.net/html/inbio/assets/images/bg/bg-image-23.jpg]
[rainbowit.net/html/inbio/assets/images/bg/bg-image-24.jpg]
[rainbowit.net/html/inbio/assets/images/bg/bg-image-25.jpg]
[rainbowit.net/html/inbio/assets/images/bg/bg-image-26.jpg]
[rainbowit.net/html/inbio/assets/images/bg/bg-image-27.jpg]
[rainbowit.net/html/inbio/assets/images/bg/bg-image-28.jpg]
[rainbowit.net/html/inbio/assets/images/bg/bg-image-29.jpg]
[rainbowit.net/html/inbio/assets/images/bg/bg-image-30.jpg]
[rainbowit.net/html/inbio/assets/images/bg/bg-image-31.jpg]
[rainbowit.net/html/inbio/assets/images/bg/bg-image-32.jpg]
[rainbowit.net/html/inbio/assets/images/bg/bg-image-33.jpg]
[rainbowit.net/html/inbio/assets/images/bg/bg-image-34.jpg]
[rainbowit.net/html/inbio/assets/images/bg/bg-image-35.jpg]
[rainbowit.net/html/inbio/assets/images/bg/bg-image-36.jpg]
[rainbowit.net/html/inbio/assets/images/bg/bg-image-37.jpg]
[rainbowit.net/html/inbio/assets/images/bg/bg-image-38.jpg]
[rainbowit.net/html/inbio/assets/images/bg/bg-image-39.jpg]
[rainbowit.net/html/inbio/assets/images/bg/bg-image-40.jpg]
[rainbowit.net/html/inbio/assets/images/icons/quote2.png]
[rainbowit.net/html/inbio/assets/images/icones/shape1.svg]
[rainbowit.net/html/inbio/assets/images/icons/short-arrow-left.png]
[rainbowit.net/html/inbio/assets/images/icons/short-arrow-right.png]
[rainbowit.net/html/inbio/assets/images/icons/quote.png]
[rainbowit.net/html/inbio/assets/css/style.css]
[rainbowit.net/html/inbio/assets/images/slider/banner-10.png]
[rainbowit.net/html/inbio/assets/images/about/about-2.jpg]
[rainbowit.net/html/inbio/index-technician.html]
[rainbowit.net/html/inbio/assets/images/about/about-5.jpg]
[rainbowit.net/html/inbio/assets/images/portfolio/portfolio-10.jpg]
[rainbowit.net/html/inbio/assets/images/portfolio/portfolio-11.jpg]
[rainbowit.net/html/inbio/assets/images/portfolio/portfolio-12.jpg]
[rainbowit.net/html/inbio/assets/images/portfolio/portfolio-14.jpg]
[rainbowit.net/html/inbio/assets/images/portfolio/portfolio-13.jpg]
[rainbowit.net/html/inbio/assets/images/portfolio/portfolio-15.jpg]
[rainbowit.net/html/inbio/index-model.html]
[rainbowit.net/html/inbio/assets/images/logo/logo-06.png]
[rainbowit.net/html/inbio/assets/images/slider/banner-06.png]
[rainbowit.net/html/inbio/home-consulting.html]
[rainbowit.net/html/inbio/assets/images/about/about-4.jpg]
[rainbowit.net/html/inbio/fashion-designer.html]
[rainbowit.net/html/inbio/assets/images/slider/banner-02.png]
[rainbowit.net/html/inbio/index-developer.html]
[rainbowit.net/html/inbio/assets/images/about/about-3.jpg]
[rainbowit.net/html/inbio/assets/images/portfolio/portfolio-07.jpg]
[rainbowit.net/html/inbio/assets/images/portfolio/portfolio-08.jpg]
[rainbowit.net/html/inbio/assets/images/portfolio/portfolio-09.jpg]
[rainbowit.net/html/inbio/assets/images/client/testimonial-2.jpg]
[rainbowit.net/html/inbio/instructor-fitness.html]
[rainbowit.net/html/inbio/assets/images/logo/logo-07.png]
[rainbowit.net/html/inbio/home-web-Developer.html]
[rainbowit.net/html/inbio/assets/images/slider/banner-03.png]
[rainbowit.net/html/inbio/home-designer.html]
[rainbowit.net/html/inbio/assets/images/slider/banner-04.png]
[rainbowit.net/html/inbio/assets/images/icons/icons-04.png]
[rainbowit.net/html/inbio/assets/images/icons/icons-05.png]
[rainbowit.net/html/inbio/assets/images/icons/icons-06.png]
[rainbowit.net/html/inbio/home-content-writer.html]
[rainbowit.net/html/inbio/assets/images/slider/banner-05.png]
[rainbowit.net/html/inbio/home-instructor.html]
[rainbowit.net/html/inbio/assets/images/icons/icons-07.png]
[rainbowit.net/html/inbio/assets/images/icons/icons-08.png]
[rainbowit.net/html/inbio/assets/images/icons/icons-09.png]
[rainbowit.net/html/inbio/assets/images/icons/icons-10.png]
[rainbowit.net/html/inbio/assets/images/icons/icons-11.png]
[rainbowit.net/html/inbio/assets/images/icons/icons-12.png]
[rainbowit.net/html/inbio/assets/images/icons/icons-13.png]
[rainbowit.net/html/inbio/assets/images/icons/icons-14.png]
[rainbowit.net/html/inbio/assets/images/icons/icons-15.png]
[rainbowit.net/html/inbio/assets/images/icons/icons-16.png]
[rainbowit.net/html/inbio/assets/images/icons/icons-17.png]
[rainbowit.net/html/inbio/assets/images/icons/icons-18.png]
[rainbowit.net/html/inbio/assets/images/icons/icons-19.png]
[rainbowit.net/html/inbio/assets/images/icons/icons-20.png]
[rainbowit.net/html/inbio/assets/images/icons/icons-21.png]
[rainbowit.net/html/inbio/assets/images/client/testimonial-1.jpg]
[rainbowit.net/html/inbio/assets/images/client/testimonial-3.jpg]
[rainbowit.net/html/inbio/home-freelancer.html]
[rainbowit.net/html/inbio/assets/images/about/about-2.png]
[rainbowit.net/html/inbio/assets/images/icons/react.png]
[rainbowit.net/html/inbio/assets/images/icons/figma.png]
[rainbowit.net/html/inbio/assets/images/icons/xd.png]
[rainbowit.net/html/inbio/assets/images/icons/photoshop.png]
[rainbowit.net/html/inbio/assets/images/icons/vuejs.png]
[rainbowit.net/html/inbio/assets/images/icons/js.png]
[rainbowit.net/html/inbio/assets/images/icons/angularjs.png]
[rainbowit.net/html/inbio/home-photographer.html]
[rainbowit.net/html/inbio/assets/images/slider/banner-07.png]
[rainbowit.net/html/inbio/assets/images/slider/banner-08.png]
[rainbowit.net/html/inbio/index-politician.html]
[rainbowit.net/html/inbio/assets/images/logo/logo-dark.png]
[rainbowit.net/html/inbio/assets/images/client/png/brand-01.png]
[rainbowit.net/html/inbio/assets/images/client/png/brand-02.png]
[rainbowit.net/html/inbio/assets/images/client/png/brand-03.png]
[rainbowit.net/html/inbio/assets/images/client/png/brand-04.png]
[rainbowit.net/html/inbio/assets/images/client/png/brand-05.png]
[rainbowit.net/html/inbio/assets/images/logo/logo-vertical-dark.png]
[rainbowit.net/html/inbio/index-white-version.html]
[rainbowit.net/html/inbio/assets/images/client/png/brand-06.png]
[rainbowit.net/html/inbio/index-technician-white-version.html]
[rainbowit.net/html/inbio/index-model-white-version.html]
[rainbowit.net/html/inbio/home-consulting-white-version.html]
[rainbowit.net/html/inbio/fashion-designer-white-version.html]
[rainbowit.net/html/inbio/index-developer-white-version.html]
[rainbowit.net/html/inbio/instructor-fitness-white-version.html]
[rainbowit.net/html/inbio/home-web-developer-white-version.html]
[rainbowit.net/html/inbio/home-designer-white-version.html]
[rainbowit.net/html/inbio/home-content-writer-white-version.html]
[rainbowit.net/html/inbio/home-instructor-white-version.html]
[rainbowit.net/html/inbio/home-freelancer-white-version.html]
[rainbowit.net/html/inbio/assets/images/about/about-1.jpg]
[rainbowit.net/html/inbio/home-photographer-white-version.html]
[rainbowit.net/html/inbio/index-politician-white-version.html]
[rainbowit.net/html/inbio/assets/fonts/slick.svg]
[rainbowit.net/html/inbio/assets/fonts/Feather144f.svg]
[rainbowit.net/html/inbio/assets/images/icons/arrow-icon.html]
[rainbowit.net/html/inbio/assets/images/bg/bg-image-13.html]
[rainbowit.net/html/inbio/assets/images/bg/bg-image-14.html]
[rainbowit.net/html/inbio/assets/images/bg/bg-image-15.html]
[rainbowit.net/html/inbio/assets/images/bg/bg-image-16.html]
[rainbowit.net/html/inbio/assets/images/bg/bg-image-17.html]
[rainbowit.net/html/inbio/assets/images/bg/bg-image-18.html]
[rainbowit.net/html/inbio/assets/images/bg/bg-image-19.html]
[rainbowit.net/html/inbio/assets/images/bg/bg-image-20.html]
[rainbowit.net/html/inbio/assets/images/bg/bg-image-21.html]
[rainbowit.net/html/inbio/assets/images/bg/bg-image-22.html]
[rainbowit.net/html/inbio/assets/images/bg/bg-image-23.html]
[rainbowit.net/html/inbio/assets/images/bg/bg-image-24.html]
[rainbowit.net/html/inbio/assets/images/bg/bg-image-25.html]
[rainbowit.net/html/inbio/assets/images/bg/bg-image-26.html]
[rainbowit.net/html/inbio/assets/images/bg/bg-image-27.html]
[rainbowit.net/html/inbio/assets/images/bg/bg-image-28.html]
[rainbowit.net/html/inbio/assets/images/bg/bg-image-29.html]
[rainbowit.net/html/inbio/assets/images/bg/bg-image-30.html]
[rainbowit.net/html/inbio/assets/images/bg/bg-image-31.html]
[rainbowit.net/html/inbio/assets/images/bg/bg-image-32.html]
[rainbowit.net/html/inbio/assets/images/bg/bg-image-33.html]
[rainbowit.net/html/inbio/assets/images/bg/bg-image-34.html]
[rainbowit.net/html/inbio/assets/images/bg/bg-image-35.html]
[rainbowit.net/html/inbio/assets/images/bg/bg-image-36.html]
[rainbowit.net/html/inbio/assets/images/bg/bg-image-37.html]
[rainbowit.net/html/inbio/assets/images/bg/bg-image-38.html]
[rainbowit.net/html/inbio/assets/images/bg/bg-image-39.html]
[rainbowit.net/html/inbio/assets/images/bg/bg-image-40.html]
[rainbowit.net/html/inbio/assets/images/icones/shape1.svg]
